<k>
  a ( ( lambda x . lambda y . x ) y0 z ) ~> .
</k>
