  Result ==K <T>
    <k>
      ++ x ~> #freezer_/__IMP-SYNTAX0_ ( 1 ) ~> #freezer_/__IMP-SYNTAX1_ ( ++ x ) ~> #freezer_=_;_IMP-SYNTAX1_ ( y )
    </k>
    <state>
      x |-> 1
      y |-> 0
    </state>
  </T>
#Or
  Result ==K <T>
    <k>
      ++ x ~> #freezer_/__IMP-SYNTAX0_ ( ++ x / 1 ) ~> #freezer_=_;_IMP-SYNTAX1_ ( y )
    </k>
    <state>
      x |-> 1
      y |-> 0
    </state>
  </T>
#Or
  Result ==K <T>
    <k>
      ++ x ~> #freezer_/__IMP-SYNTAX0_ ( ++ x / x ) ~> #freezer_=_;_IMP-SYNTAX1_ ( y )
    </k>
    <state>
      x |-> 1
      y |-> 0
    </state>
  </T>
#Or
  Result ==K <T>
    <k>
      ++ x ~> #freezer_/__IMP-SYNTAX0_ ( x ) ~> #freezer_/__IMP-SYNTAX1_ ( ++ x ) ~> #freezer_=_;_IMP-SYNTAX1_ ( y )
    </k>
    <state>
      x |-> 1
      y |-> 0
    </state>
  </T>
