<k>
  div 3 0 ~> #freezer___LAMBDA-SYNTAX_Exp_Exp_Exp1_ ( cond false ) ~> #freezer___LAMBDA-SYNTAX_Exp_Exp_Exp0_ ( 10 )
</k>
