{
  Result
#Equals
  <generatedTop>
    <k>
      bar ( 5 , 5 , 5 )
    </k>
    <state>
      x |-> 5
    </state>
  </generatedTop>
}
