{
  Result
#Equals
  <generatedTop>
    <k>
      baz ( 1 , 2 , 2 )
    </k>
    <state>
      x |-> 2
    </state>
  </generatedTop>
}
