  Result ==K <T>
    <k>
      ++ x ~> #freezer_/__IMP-SYNTAX0_ ( 1 ) ~> #freezer_/__IMP-SYNTAX1_ ( ++ x ) ~> #freezer_=_;_IMP-SYNTAX1_ ( y )
    </k>
    <env>
      x |-> 1
      y |-> 2
    </env>
    <store>
      1 |-> 1
      2 |-> 0
    </store>
  </T>
#Or
  Result ==K <T>
    <k>
      ++ x ~> #freezer_/__IMP-SYNTAX0_ ( ++ x / 1 ) ~> #freezer_=_;_IMP-SYNTAX1_ ( y )
    </k>
    <env>
      x |-> 1
      y |-> 2
    </env>
    <store>
      1 |-> 1
      2 |-> 0
    </store>
  </T>
#Or
  Result ==K <T>
    <k>
      ++ x ~> #freezer_/__IMP-SYNTAX0_ ( ++ x / x ) ~> #freezer_=_;_IMP-SYNTAX1_ ( y )
    </k>
    <env>
      x |-> 1
      y |-> 2
    </env>
    <store>
      1 |-> 1
      2 |-> 0
    </store>
  </T>
#Or
  Result ==K <T>
    <k>
      ++ x ~> #freezer_/__IMP-SYNTAX0_ ( x ) ~> #freezer_/__IMP-SYNTAX1_ ( ++ x ) ~> #freezer_=_;_IMP-SYNTAX1_ ( y )
    </k>
    <env>
      x |-> 1
      y |-> 2
    </env>
    <store>
      1 |-> 1
      2 |-> 0
    </store>
  </T>
